Copyright 1986-2022 Xilinx, Inc. All Rights Reserved. Copyright 2022-2025 Advanced Micro Devices, Inc. All Rights Reserved.
---------------------------------------------------------------------------------------------------------------------------------------------
| Tool Version : Vivado v.2025.1 (win64) Build 6140274 Thu May 22 00:12:29 MDT 2025
| Date         : Mon Jul 27 01:40:44 2026
| Host         : DESKTOP-CLV2F9K running 64-bit major release  (build 9200)
| Command      : report_drc -file SPI_wrapper_drc_opted.rpt -pb SPI_wrapper_drc_opted.pb -rpx SPI_wrapper_drc_opted.rpx
| Design       : SPI_wrapper
| Device       : xc7a35tcpg236-1
| Speed File   : -1
| Design State : Synthesized
---------------------------------------------------------------------------------------------------------------------------------------------

Report DRC

Table of Contents
-----------------
1. REPORT SUMMARY
2. REPORT DETAILS

1. REPORT SUMMARY
-----------------
            Netlist: netlist
          Floorplan: checkpoint_SPI_wrapper
      Design limits: <entire design considered>
           Ruledeck: default
             Max checks: <unlimited>
             Checks found: 14
+-----------+------------------+----------------------------+--------+
| Rule      | Severity         | Description                | Checks |
+-----------+------------------+----------------------------+--------+
| NSTD-1    | Critical Warning | Unspecified I/O Standard   | 1      |
| UCIO-1    | Critical Warning | Unconstrained Logical Port | 1      |
| REQP-1840 | Warning          | RAMB18 async control check | 12     |
+-----------+------------------+----------------------------+--------+

2. REPORT DETAILS
-----------------
NSTD-1#1 Critical Warning
Unspecified I/O Standard  
1 out of 5 logical ports use I/O standard (IOSTANDARD) value 'DEFAULT', instead of a user assigned specific value. This may cause I/O contention or incompatibility with the board power or connectivity affecting performance, signal integrity or in extreme cases cause damage to the device or the components to which it is connected. To correct this violation, specify all I/O standards. This design will fail to generate a bitstream unless all logical ports have a user specified I/O standard value defined. To allow bitstream creation with unspecified I/O standard values (not recommended), use this command: set_property SEVERITY {Warning} [get_drc_checks NSTD-1].  NOTE: When using the Vivado Runs infrastructure (e.g. launch_runs Tcl command), add this command to a .tcl file and add that file as a pre-hook for write_bitstream step for the implementation run. Problem ports: SS_n.
Related violations: <none>

UCIO-1#1 Critical Warning
Unconstrained Logical Port  
1 out of 5 logical ports have no user assigned specific location constraint (LOC). This may cause I/O contention or incompatibility with the board power or connectivity affecting performance, signal integrity or in extreme cases cause damage to the device or the components to which it is connected. To correct this violation, specify all pin locations. This design will fail to generate a bitstream unless all logical ports have a user specified site LOC constraint defined.  To allow bitstream creation with unspecified pin locations (not recommended), use this command: set_property SEVERITY {Warning} [get_drc_checks UCIO-1].  NOTE: When using the Vivado Runs infrastructure (e.g. launch_runs Tcl command), add this command to a .tcl file and add that file as a pre-hook for write_bitstream step for the implementation run.  Problem ports: SS_n.
Related violations: <none>

REQP-1840#1 Warning
RAMB18 async control check  
The RAMB18E1 my_mem/mem_reg has an input control pin my_mem/mem_reg/ENARDEN (net: my_mem/mem_reg_ENARDEN_cooolgate_en_sig_2) which is driven by a register (my_slave/RX_DATA_reg[8]) that has an active asychronous set or reset. This may cause corruption of the memory contents and/or read values when the set/reset is asserted and is not analyzed by the default static timing analysis. It is suggested to eliminate the use of a set/reset to registers driving this RAMB pin or else use a synchronous reset in which the assertion of the reset is timed by default.
Related violations: <none>

REQP-1840#2 Warning
RAMB18 async control check  
The RAMB18E1 my_mem/mem_reg has an input control pin my_mem/mem_reg/ENARDEN (net: my_mem/mem_reg_ENARDEN_cooolgate_en_sig_2) which is driven by a register (my_slave/RX_DATA_reg[9]) that has an active asychronous set or reset. This may cause corruption of the memory contents and/or read values when the set/reset is asserted and is not analyzed by the default static timing analysis. It is suggested to eliminate the use of a set/reset to registers driving this RAMB pin or else use a synchronous reset in which the assertion of the reset is timed by default.
Related violations: <none>

REQP-1840#3 Warning
RAMB18 async control check  
The RAMB18E1 my_mem/mem_reg has an input control pin my_mem/mem_reg/ENARDEN (net: my_mem/mem_reg_ENARDEN_cooolgate_en_sig_2) which is driven by a register (my_slave/RX_VALID_reg) that has an active asychronous set or reset. This may cause corruption of the memory contents and/or read values when the set/reset is asserted and is not analyzed by the default static timing analysis. It is suggested to eliminate the use of a set/reset to registers driving this RAMB pin or else use a synchronous reset in which the assertion of the reset is timed by default.
Related violations: <none>

REQP-1840#4 Warning
RAMB18 async control check  
The RAMB18E1 my_mem/mem_reg has an input control pin my_mem/mem_reg/ENBWREN (net: my_mem/mem_reg_2) which is driven by a register (my_slave/RX_DATA_reg[8]) that has an active asychronous set or reset. This may cause corruption of the memory contents and/or read values when the set/reset is asserted and is not analyzed by the default static timing analysis. It is suggested to eliminate the use of a set/reset to registers driving this RAMB pin or else use a synchronous reset in which the assertion of the reset is timed by default.
Related violations: <none>

REQP-1840#5 Warning
RAMB18 async control check  
The RAMB18E1 my_mem/mem_reg has an input control pin my_mem/mem_reg/ENBWREN (net: my_mem/mem_reg_2) which is driven by a register (my_slave/RX_DATA_reg[9]) that has an active asychronous set or reset. This may cause corruption of the memory contents and/or read values when the set/reset is asserted and is not analyzed by the default static timing analysis. It is suggested to eliminate the use of a set/reset to registers driving this RAMB pin or else use a synchronous reset in which the assertion of the reset is timed by default.
Related violations: <none>

REQP-1840#6 Warning
RAMB18 async control check  
The RAMB18E1 my_mem/mem_reg has an input control pin my_mem/mem_reg/ENBWREN (net: my_mem/mem_reg_2) which is driven by a register (my_slave/RX_VALID_reg) that has an active asychronous set or reset. This may cause corruption of the memory contents and/or read values when the set/reset is asserted and is not analyzed by the default static timing analysis. It is suggested to eliminate the use of a set/reset to registers driving this RAMB pin or else use a synchronous reset in which the assertion of the reset is timed by default.
Related violations: <none>

REQP-1840#7 Warning
RAMB18 async control check  
The RAMB18E1 my_mem/mem_reg has an input control pin my_mem/mem_reg/WEA[0] (net: my_mem/WEA[0]) which is driven by a register (my_slave/RX_DATA_reg[8]) that has an active asychronous set or reset. This may cause corruption of the memory contents and/or read values when the set/reset is asserted and is not analyzed by the default static timing analysis. It is suggested to eliminate the use of a set/reset to registers driving this RAMB pin or else use a synchronous reset in which the assertion of the reset is timed by default.
Related violations: <none>

REQP-1840#8 Warning
RAMB18 async control check  
The RAMB18E1 my_mem/mem_reg has an input control pin my_mem/mem_reg/WEA[0] (net: my_mem/WEA[0]) which is driven by a register (my_slave/RX_DATA_reg[9]) that has an active asychronous set or reset. This may cause corruption of the memory contents and/or read values when the set/reset is asserted and is not analyzed by the default static timing analysis. It is suggested to eliminate the use of a set/reset to registers driving this RAMB pin or else use a synchronous reset in which the assertion of the reset is timed by default.
Related violations: <none>

REQP-1840#9 Warning
RAMB18 async control check  
The RAMB18E1 my_mem/mem_reg has an input control pin my_mem/mem_reg/WEA[0] (net: my_mem/WEA[0]) which is driven by a register (my_slave/RX_VALID_reg) that has an active asychronous set or reset. This may cause corruption of the memory contents and/or read values when the set/reset is asserted and is not analyzed by the default static timing analysis. It is suggested to eliminate the use of a set/reset to registers driving this RAMB pin or else use a synchronous reset in which the assertion of the reset is timed by default.
Related violations: <none>

REQP-1840#10 Warning
RAMB18 async control check  
The RAMB18E1 my_mem/mem_reg has an input control pin my_mem/mem_reg/WEA[1] (net: my_mem/WEA[0]) which is driven by a register (my_slave/RX_DATA_reg[8]) that has an active asychronous set or reset. This may cause corruption of the memory contents and/or read values when the set/reset is asserted and is not analyzed by the default static timing analysis. It is suggested to eliminate the use of a set/reset to registers driving this RAMB pin or else use a synchronous reset in which the assertion of the reset is timed by default.
Related violations: <none>

REQP-1840#11 Warning
RAMB18 async control check  
The RAMB18E1 my_mem/mem_reg has an input control pin my_mem/mem_reg/WEA[1] (net: my_mem/WEA[0]) which is driven by a register (my_slave/RX_DATA_reg[9]) that has an active asychronous set or reset. This may cause corruption of the memory contents and/or read values when the set/reset is asserted and is not analyzed by the default static timing analysis. It is suggested to eliminate the use of a set/reset to registers driving this RAMB pin or else use a synchronous reset in which the assertion of the reset is timed by default.
Related violations: <none>

REQP-1840#12 Warning
RAMB18 async control check  
The RAMB18E1 my_mem/mem_reg has an input control pin my_mem/mem_reg/WEA[1] (net: my_mem/WEA[0]) which is driven by a register (my_slave/RX_VALID_reg) that has an active asychronous set or reset. This may cause corruption of the memory contents and/or read values when the set/reset is asserted and is not analyzed by the default static timing analysis. It is suggested to eliminate the use of a set/reset to registers driving this RAMB pin or else use a synchronous reset in which the assertion of the reset is timed by default.
Related violations: <none>


