
*** Running vivado
    with args -log SPI_wrapper.vds -m64 -product Vivado -mode batch -messageDb vivado.pb -notrace -source SPI_wrapper.tcl



****** Vivado v2025.1 (64-bit)
  **** SW Build 6140274 on Thu May 22 00:12:29 MDT 2025
  **** IP Build 6138677 on Thu May 22 03:10:11 MDT 2025
  **** SharedData Build 6139179 on Tue May 20 17:58:58 MDT 2025
  **** Start of session at: Mon Jul 27 01:28:18 2026
    ** Copyright 1986-2022 Xilinx, Inc. All Rights Reserved.
    ** Copyright 2022-2025 Advanced Micro Devices, Inc. All Rights Reserved.

source SPI_wrapper.tcl -notrace
Command: synth_design -top SPI_wrapper -part xc7a35tcpg236-1
Starting synth_design
Attempting to get a license for feature 'Synthesis' and/or device 'xc7a35t'
INFO: [Common 17-349] Got license for feature 'Synthesis' and/or device 'xc7a35t'
INFO: [Device 21-403] Loading part xc7a35tcpg236-1
INFO: [Synth 8-7079] Multithreading enabled for synth_design using a maximum of 2 processes.
INFO: [Synth 8-7078] Launching helper process for spawning children vivado processes
INFO: [Synth 8-7075] Helper process launched with PID 2888
---------------------------------------------------------------------------------
Starting RTL Elaboration : Time (s): cpu = 00:00:05 ; elapsed = 00:00:05 . Memory (MB): peak = 1228.637 ; gain = 490.914
---------------------------------------------------------------------------------
INFO: [Synth 8-6157] synthesizing module 'SPI_wrapper' [D:/Mohamed/Education/Digital_IC_Design/Projects/Projects/SPI_Project/Vivado/SPI_Vivado/SPI_Vivado.srcs/sources_1/new/SPI_wrapper.v:23]
INFO: [Synth 8-6157] synthesizing module 'SPI_slave' [D:/Mohamed/Education/Digital_IC_Design/Projects/Projects/SPI_Project/Vivado/SPI_Vivado/SPI_Vivado.srcs/sources_1/new/SPI_slave.v:23]
INFO: [Synth 8-155] case statement is not full and has no default [D:/Mohamed/Education/Digital_IC_Design/Projects/Projects/SPI_Project/Vivado/SPI_Vivado/SPI_Vivado.srcs/sources_1/new/SPI_slave.v:114]
INFO: [Synth 8-6155] done synthesizing module 'SPI_slave' (0#1) [D:/Mohamed/Education/Digital_IC_Design/Projects/Projects/SPI_Project/Vivado/SPI_Vivado/SPI_Vivado.srcs/sources_1/new/SPI_slave.v:23]
INFO: [Synth 8-6157] synthesizing module 'RAM' [D:/Mohamed/Education/Digital_IC_Design/Projects/Projects/SPI_Project/Vivado/SPI_Vivado/SPI_Vivado.srcs/sources_1/new/RAM.v:23]
	Parameter MEM_DEPTH bound to: 256 - type: integer 
	Parameter ADDR_SIZE bound to: 8 - type: integer 
INFO: [Synth 8-6155] done synthesizing module 'RAM' (0#1) [D:/Mohamed/Education/Digital_IC_Design/Projects/Projects/SPI_Project/Vivado/SPI_Vivado/SPI_Vivado.srcs/sources_1/new/RAM.v:23]
INFO: [Synth 8-6155] done synthesizing module 'SPI_wrapper' (0#1) [D:/Mohamed/Education/Digital_IC_Design/Projects/Projects/SPI_Project/Vivado/SPI_Vivado/SPI_Vivado.srcs/sources_1/new/SPI_wrapper.v:23]
---------------------------------------------------------------------------------
Finished RTL Elaboration : Time (s): cpu = 00:00:06 ; elapsed = 00:00:06 . Memory (MB): peak = 1336.414 ; gain = 598.691
---------------------------------------------------------------------------------
---------------------------------------------------------------------------------
Start Handling Custom Attributes
---------------------------------------------------------------------------------
---------------------------------------------------------------------------------
Finished Handling Custom Attributes : Time (s): cpu = 00:00:06 ; elapsed = 00:00:06 . Memory (MB): peak = 1336.414 ; gain = 598.691
---------------------------------------------------------------------------------
---------------------------------------------------------------------------------
Finished RTL Optimization Phase 1 : Time (s): cpu = 00:00:06 ; elapsed = 00:00:06 . Memory (MB): peak = 1336.414 ; gain = 598.691
---------------------------------------------------------------------------------
Netlist sorting complete. Time (s): cpu = 00:00:00 ; elapsed = 00:00:00.002 . Memory (MB): peak = 1336.414 ; gain = 0.000
INFO: [Project 1-570] Preparing netlist for logic optimization

Processing XDC Constraints
Initializing timing engine
Parsing XDC File [D:/Mohamed/Education/Digital_IC_Design/Projects/Projects/SPI_Project/Vivado/Constraints_basys3_SPI.xdc]
WARNING: [Vivado 12-584] No ports matched 'ss_n'. [D:/Mohamed/Education/Digital_IC_Design/Projects/Projects/SPI_Project/Vivado/Constraints_basys3_SPI.xdc:13]
CRITICAL WARNING: [Common 17-55] 'set_property' expects at least one object. [D:/Mohamed/Education/Digital_IC_Design/Projects/Projects/SPI_Project/Vivado/Constraints_basys3_SPI.xdc:13]
Resolution: If [get_<value>] was used to populate the object, check to make sure this command returns at least one valid object.
Finished Parsing XDC File [D:/Mohamed/Education/Digital_IC_Design/Projects/Projects/SPI_Project/Vivado/Constraints_basys3_SPI.xdc]
INFO: [Project 1-236] Implementation specific constraints were found while reading constraint file [D:/Mohamed/Education/Digital_IC_Design/Projects/Projects/SPI_Project/Vivado/Constraints_basys3_SPI.xdc]. These constraints will be ignored for synthesis but will be used in implementation. Impacted constraints are listed in the file [.Xil/SPI_wrapper_propImpl.xdc].
Resolution: To avoid this warning, move constraints listed in [.Xil/SPI_wrapper_propImpl.xdc] to another XDC file and exclude this new file from synthesis with the used_in_synthesis property (File Properties dialog in GUI) and re-run elaboration/synthesis.
Completed Processing XDC Constraints

Netlist sorting complete. Time (s): cpu = 00:00:00 ; elapsed = 00:00:00 . Memory (MB): peak = 1389.555 ; gain = 0.000
INFO: [Project 1-111] Unisim Transformation Summary:
No Unisim elements were transformed.

Constraint Validation Runtime : Time (s): cpu = 00:00:00 ; elapsed = 00:00:00.034 . Memory (MB): peak = 1389.555 ; gain = 0.000
---------------------------------------------------------------------------------
Finished Constraint Validation : Time (s): cpu = 00:00:13 ; elapsed = 00:00:13 . Memory (MB): peak = 1389.555 ; gain = 651.832
---------------------------------------------------------------------------------
---------------------------------------------------------------------------------
Start Loading Part and Timing Information
---------------------------------------------------------------------------------
Loading part: xc7a35tcpg236-1
---------------------------------------------------------------------------------
Finished Loading Part and Timing Information : Time (s): cpu = 00:00:13 ; elapsed = 00:00:13 . Memory (MB): peak = 1389.555 ; gain = 651.832
---------------------------------------------------------------------------------
---------------------------------------------------------------------------------
Start Applying 'set_property' XDC Constraints
---------------------------------------------------------------------------------
---------------------------------------------------------------------------------
Finished applying 'set_property' XDC Constraints : Time (s): cpu = 00:00:13 ; elapsed = 00:00:14 . Memory (MB): peak = 1389.555 ; gain = 651.832
---------------------------------------------------------------------------------
INFO: [Synth 8-802] inferred FSM for state register 'STATE_REG_reg' in module 'SPI_slave'
---------------------------------------------------------------------------------------------------
                   State |                     New Encoding |                Previous Encoding 
---------------------------------------------------------------------------------------------------
*
                    IDLE |                            00001 |                            00001
                 CHK_CMD |                            00010 |                            00010
                   WRITE |                            00100 |                            00100
                READ_ADD |                            01000 |                            01000
               READ_DATA |                            10000 |                            10000
---------------------------------------------------------------------------------------------------
INFO: [Synth 8-3898] No Re-encoding of one hot register 'STATE_REG_reg' in module 'SPI_slave'
---------------------------------------------------------------------------------
Finished RTL Optimization Phase 2 : Time (s): cpu = 00:00:13 ; elapsed = 00:00:14 . Memory (MB): peak = 1389.555 ; gain = 651.832
---------------------------------------------------------------------------------
---------------------------------------------------------------------------------
Start RTL Component Statistics 
---------------------------------------------------------------------------------
Detailed RTL Component Info : 
+---Adders : 
	   2 Input   32 Bit       Adders := 1     
	   2 Input    5 Bit       Adders := 1     
+---Registers : 
	               10 Bit    Registers := 2     
	                8 Bit    Registers := 1     
	                5 Bit    Registers := 1     
	                1 Bit    Registers := 4     
+---RAMs : 
	               2K Bit	(256 X 8 bit)          RAMs := 1     
+---Muxes : 
	   6 Input   10 Bit        Muxes := 3     
	   2 Input    5 Bit        Muxes := 8     
	   6 Input    5 Bit        Muxes := 2     
	   2 Input    4 Bit        Muxes := 1     
	   2 Input    3 Bit        Muxes := 1     
	   2 Input    2 Bit        Muxes := 1     
	   2 Input    1 Bit        Muxes := 15    
	   6 Input    1 Bit        Muxes := 8     
	   4 Input    1 Bit        Muxes := 4     
---------------------------------------------------------------------------------
Finished RTL Component Statistics 
---------------------------------------------------------------------------------
---------------------------------------------------------------------------------
Start Part Resource Summary
---------------------------------------------------------------------------------
Part Resources:
DSPs: 90 (col length:60)
BRAMs: 100 (col length: RAMB18 60 RAMB36 30)
---------------------------------------------------------------------------------
Finished Part Resource Summary
---------------------------------------------------------------------------------
---------------------------------------------------------------------------------
Start Cross Boundary and Area Optimization
---------------------------------------------------------------------------------
WARNING: [Synth 8-7080] Parallel synthesis criteria is not met
---------------------------------------------------------------------------------
Finished Cross Boundary and Area Optimization : Time (s): cpu = 00:00:15 ; elapsed = 00:00:16 . Memory (MB): peak = 1414.723 ; gain = 677.000
---------------------------------------------------------------------------------
---------------------------------------------------------------------------------
Start ROM, RAM, DSP, Shift Register and Retiming Reporting
---------------------------------------------------------------------------------

Block RAM: Preliminary Mapping Report (see note below)
+------------+----------------+------------------------+---+---+------------------------+---+---+------------------+--------+--------+
|Module Name | RTL Object     | PORT A (Depth x Width) | W | R | PORT B (Depth x Width) | W | R | Ports driving FF | RAMB18 | RAMB36 | 
+------------+----------------+------------------------+---+---+------------------------+---+---+------------------+--------+--------+
|SPI_wrapper | my_mem/mem_reg | 256 x 8(READ_FIRST)    | W |   | 256 x 8(WRITE_FIRST)   |   | R | Port A and B     | 1      | 0      | 
+------------+----------------+------------------------+---+---+------------------------+---+---+------------------+--------+--------+

Note: The table above is a preliminary report that shows the Block RAMs at the current stage of the synthesis flow. Some Block RAMs may be reimplemented as non Block RAM primitives later in the synthesis flow. Multiple instantiated Block RAMs are reported only once. 
---------------------------------------------------------------------------------
Finished ROM, RAM, DSP, Shift Register and Retiming Reporting
---------------------------------------------------------------------------------
---------------------------------------------------------------------------------
Start Applying XDC Timing Constraints
---------------------------------------------------------------------------------
---------------------------------------------------------------------------------
Finished Applying XDC Timing Constraints : Time (s): cpu = 00:00:19 ; elapsed = 00:00:21 . Memory (MB): peak = 1551.664 ; gain = 813.941
---------------------------------------------------------------------------------
---------------------------------------------------------------------------------
Start Timing Optimization
---------------------------------------------------------------------------------
---------------------------------------------------------------------------------
Finished Timing Optimization : Time (s): cpu = 00:00:20 ; elapsed = 00:00:21 . Memory (MB): peak = 1582.621 ; gain = 844.898
---------------------------------------------------------------------------------
---------------------------------------------------------------------------------
Start ROM, RAM, DSP, Shift Register and Retiming Reporting
---------------------------------------------------------------------------------

Block RAM: Final Mapping Report
+------------+----------------+------------------------+---+---+------------------------+---+---+------------------+--------+--------+
|Module Name | RTL Object     | PORT A (Depth x Width) | W | R | PORT B (Depth x Width) | W | R | Ports driving FF | RAMB18 | RAMB36 | 
+------------+----------------+------------------------+---+---+------------------------+---+---+------------------+--------+--------+
|SPI_wrapper | my_mem/mem_reg | 256 x 8(READ_FIRST)    | W |   | 256 x 8(WRITE_FIRST)   |   | R | Port A and B     | 1      | 0      | 
+------------+----------------+------------------------+---+---+------------------------+---+---+------------------+--------+--------+

---------------------------------------------------------------------------------
Finished ROM, RAM, DSP, Shift Register and Retiming Reporting
---------------------------------------------------------------------------------
---------------------------------------------------------------------------------
Start Technology Mapping
---------------------------------------------------------------------------------
INFO: [Synth 8-7052] The timing for the instance my_mem/mem_reg (implemented as a Block RAM) might be sub-optimal as no optional output register could be merged into the ram block. Providing additional output register may help in improving timing.
---------------------------------------------------------------------------------
Finished Technology Mapping : Time (s): cpu = 00:00:20 ; elapsed = 00:00:21 . Memory (MB): peak = 1582.621 ; gain = 844.898
---------------------------------------------------------------------------------
---------------------------------------------------------------------------------
Start IO Insertion
---------------------------------------------------------------------------------
---------------------------------------------------------------------------------
Start Flattening Before IO Insertion
---------------------------------------------------------------------------------
---------------------------------------------------------------------------------
Finished Flattening Before IO Insertion
---------------------------------------------------------------------------------
---------------------------------------------------------------------------------
Start Final Netlist Cleanup
---------------------------------------------------------------------------------
---------------------------------------------------------------------------------
Finished Final Netlist Cleanup
---------------------------------------------------------------------------------
---------------------------------------------------------------------------------
Finished IO Insertion : Time (s): cpu = 00:00:23 ; elapsed = 00:00:25 . Memory (MB): peak = 1797.129 ; gain = 1059.406
---------------------------------------------------------------------------------
---------------------------------------------------------------------------------
Start Renaming Generated Instances
---------------------------------------------------------------------------------
---------------------------------------------------------------------------------
Finished Renaming Generated Instances : Time (s): cpu = 00:00:23 ; elapsed = 00:00:25 . Memory (MB): peak = 1797.129 ; gain = 1059.406
---------------------------------------------------------------------------------
---------------------------------------------------------------------------------
Start Rebuilding User Hierarchy
---------------------------------------------------------------------------------
---------------------------------------------------------------------------------
Finished Rebuilding User Hierarchy : Time (s): cpu = 00:00:23 ; elapsed = 00:00:25 . Memory (MB): peak = 1797.129 ; gain = 1059.406
---------------------------------------------------------------------------------
---------------------------------------------------------------------------------
Start Renaming Generated Ports
---------------------------------------------------------------------------------
---------------------------------------------------------------------------------
Finished Renaming Generated Ports : Time (s): cpu = 00:00:23 ; elapsed = 00:00:25 . Memory (MB): peak = 1797.129 ; gain = 1059.406
---------------------------------------------------------------------------------
---------------------------------------------------------------------------------
Start Handling Custom Attributes
---------------------------------------------------------------------------------
---------------------------------------------------------------------------------
Finished Handling Custom Attributes : Time (s): cpu = 00:00:23 ; elapsed = 00:00:25 . Memory (MB): peak = 1799.113 ; gain = 1061.391
---------------------------------------------------------------------------------
---------------------------------------------------------------------------------
Start Renaming Generated Nets
---------------------------------------------------------------------------------
---------------------------------------------------------------------------------
Finished Renaming Generated Nets : Time (s): cpu = 00:00:23 ; elapsed = 00:00:25 . Memory (MB): peak = 1799.113 ; gain = 1061.391
---------------------------------------------------------------------------------
---------------------------------------------------------------------------------
Start Writing Synthesis Report
---------------------------------------------------------------------------------

Report BlackBoxes: 
+-+--------------+----------+
| |BlackBox name |Instances |
+-+--------------+----------+
+-+--------------+----------+

Report Cell Usage: 
+------+---------+------+
|      |Cell     |Count |
+------+---------+------+
|1     |BUFG     |     1|
|2     |LUT1     |     1|
|3     |LUT2     |    12|
|4     |LUT3     |    11|
|5     |LUT4     |     5|
|6     |LUT5     |    22|
|7     |LUT6     |    21|
|8     |RAMB18E1 |     1|
|9     |FDCE     |    32|
|10    |FDPE     |     1|
|11    |FDRE     |    17|
|12    |IBUF     |     4|
|13    |OBUF     |     1|
+------+---------+------+
---------------------------------------------------------------------------------
Finished Writing Synthesis Report : Time (s): cpu = 00:00:23 ; elapsed = 00:00:25 . Memory (MB): peak = 1799.113 ; gain = 1061.391
---------------------------------------------------------------------------------
Synthesis finished with 0 errors, 0 critical warnings and 1 warnings.
Synthesis Optimization Runtime : Time (s): cpu = 00:00:17 ; elapsed = 00:00:24 . Memory (MB): peak = 1799.113 ; gain = 1008.250
Synthesis Optimization Complete : Time (s): cpu = 00:00:24 ; elapsed = 00:00:26 . Memory (MB): peak = 1799.113 ; gain = 1061.391
INFO: [Project 1-571] Translating synthesized netlist
Netlist sorting complete. Time (s): cpu = 00:00:00 ; elapsed = 00:00:00 . Memory (MB): peak = 1808.355 ; gain = 0.000
INFO: [Netlist 29-17] Analyzing 1 Unisim elements for replacement
INFO: [Netlist 29-28] Unisim Transformation completed in 0 CPU seconds
INFO: [Project 1-570] Preparing netlist for logic optimization
INFO: [Opt 31-138] Pushed 0 inverter(s) to 0 load pin(s).
Netlist sorting complete. Time (s): cpu = 00:00:00 ; elapsed = 00:00:00 . Memory (MB): peak = 1811.992 ; gain = 0.000
INFO: [Project 1-111] Unisim Transformation Summary:
No Unisim elements were transformed.

Synth Design complete | Checksum: 96907c8f
INFO: [Common 17-83] Releasing license: Synthesis
25 Infos, 2 Warnings, 1 Critical Warnings and 0 Errors encountered.
synth_design completed successfully
synth_design: Time (s): cpu = 00:00:34 ; elapsed = 00:00:39 . Memory (MB): peak = 1811.992 ; gain = 1294.035
INFO: [runtcl-6] Synthesis results are not added to the cache due to CRITICAL_WARNING
Write ShapeDB Complete: Time (s): cpu = 00:00:00 ; elapsed = 00:00:00 . Memory (MB): peak = 1811.992 ; gain = 0.000
INFO: [Common 17-1381] The checkpoint 'D:/Mohamed/Education/Digital_IC_Design/Projects/Projects/SPI_Project/Vivado/SPI_Vivado/SPI_Vivado.runs/synth_1/SPI_wrapper.dcp' has been generated.
INFO: [Vivado 12-24828] Executing command : report_utilization -file SPI_wrapper_utilization_synth.rpt -pb SPI_wrapper_utilization_synth.pb
INFO: [Common 17-206] Exiting Vivado at Mon Jul 27 01:29:05 2026...
