#-----------------------------------------------------------
# Vivado v2025.1 (64-bit)
# SW Build 6140274 on Thu May 22 00:12:29 MDT 2025
# IP Build 6138677 on Thu May 22 03:10:11 MDT 2025
# SharedData Build 6139179 on Tue May 20 17:58:58 MDT 2025
# Start of session at: Mon Jul 27 01:28:17 2026
# Process ID         : 8648
# Current directory  : D:/Mohamed/Education/Digital_IC_Design/Projects/Projects/SPI_Project/Vivado/SPI_Vivado/SPI_Vivado.runs/synth_1
# Command line       : vivado.exe -log SPI_wrapper.vds -product Vivado -mode batch -messageDb vivado.pb -notrace -source SPI_wrapper.tcl
# Log file           : D:/Mohamed/Education/Digital_IC_Design/Projects/Projects/SPI_Project/Vivado/SPI_Vivado/SPI_Vivado.runs/synth_1/SPI_wrapper.vds
# Journal file       : D:/Mohamed/Education/Digital_IC_Design/Projects/Projects/SPI_Project/Vivado/SPI_Vivado/SPI_Vivado.runs/synth_1\vivado.jou
# Running On         : DESKTOP-CLV2F9K
# Platform           : Windows Server 2016 or Windows 10
# Operating System   : 26200
# Processor Detail   : AMD Ryzen 7 5800H with Radeon Graphics         
# CPU Frequency      : 3194 MHz
# CPU Physical cores : 8
# CPU Logical cores  : 16
# Host memory        : 14877 MB
# Swap memory        : 8053 MB
# Total Virtual      : 22930 MB
# Available Virtual  : 7883 MB
#-----------------------------------------------------------
source SPI_wrapper.tcl -notrace
